I'm sorry, but errors were detected in your script. Please correct the
errors listed below, and try again.


File "game/core/chapters/event_manager.rpy", line 19: invalid syntax
            return not self.completed all(condition(**kwargs) for condition in self.conditions)
                                       ^

Ren'Py Version: Ren'Py 8.2.3.24061702
Wed Dec 18 23:25:16 2024
